Case 1: The solution
Case 2: The solution
Case 3: The solution